---
source: crates/mun_hir/src/ty/tests.rs
expression: "fn foo(mut a: i32, mut b: bool) {\n    a = -a;\n    b = !b;\n}"
---
[7; 12) 'mut a': i32
[19; 24) 'mut b': bool
[32; 59) '{     ... !b; }': nothing
[38; 39) 'a': i32
[38; 44) 'a = -a': nothing
[42; 44) '-a': i32
[43; 44) 'a': i32
[50; 51) 'b': bool
[50; 56) 'b = !b': nothing
[54; 56) '!b': bool
[55; 56) 'b': bool
