---
source: crates/mun_hir/src/ty/tests.rs
expression: "fn foo(mut a:i32) {\n    a += 3;\n    3 = 5; // error: invalid left hand side of expression\n}"
---
[36; 37): invalid left hand side of expression
[7; 12) 'mut a': i32
[18; 91) '{     ...sion }': nothing
[24; 25) 'a': i32
[24; 30) 'a += 3': nothing
[29; 30) '3': i32
[36; 37) '3': i32
[36; 41) '3 = 5': nothing
[40; 41) '5': i32
