---
source: crates/mun_hir/src/ty/tests.rs
expression: "fn foo() {\n    let mut n = 0;\n    while n < 3 { n += 1; };\n    while n < 3 { n += 1; break; };\n    while n < 3 { break 3; };   // error: break with value can only appear in a loop\n    while n < 3 { loop { break 3; }; };\n}"
---
[113; 120): `break` with value can only appear in a `loop`
[9; 221) '{     ...; }; }': nothing
[19; 24) 'mut n': i32
[27; 28) '0': i32
[34; 57) 'while ...= 1; }': nothing
[40; 41) 'n': i32
[40; 45) 'n < 3': bool
[44; 45) '3': i32
[46; 57) '{ n += 1; }': nothing
[48; 49) 'n': i32
[48; 54) 'n += 1': nothing
[53; 54) '1': i32
[63; 93) 'while ...eak; }': nothing
[69; 70) 'n': i32
[69; 74) 'n < 3': bool
[73; 74) '3': i32
[75; 93) '{ n +=...eak; }': never
[77; 78) 'n': i32
[77; 83) 'n += 1': nothing
[82; 83) '1': i32
[85; 90) 'break': never
[99; 123) 'while ...k 3; }': nothing
[105; 106) 'n': i32
[105; 110) 'n < 3': bool
[109; 110) '3': i32
[111; 123) '{ break 3; }': never
[113; 120) 'break 3': never
[184; 218) 'while ...; }; }': nothing
[190; 191) 'n': i32
[190; 195) 'n < 3': bool
[194; 195) '3': i32
[196; 218) '{ loop...; }; }': nothing
[198; 215) 'loop {...k 3; }': i32
[203; 215) '{ break 3; }': never
[205; 212) 'break 3': never
[211; 212) '3': i32
